# file with existing content
------+-------------------------------------------------------------------------
Date  | 2015-01-13 14:27:36
Label | TEST
Title | Log Page Automated Tests
URL   | {SAMPLE_PAGE}
------+-------------------------------------------------------------------------
